2026-09-10 17:15:17,007 [INFO] steam_crawler: Selenium(Chrome) 브라우저로 동적 페이지에 접근합니다.
2026-09-10 17:15:17,169 [INFO] steam_crawler: robots.txt 확인: https://store.steampowered.com/search/ -> 허용
2026-09-10 17:15:17,380 [INFO] steam_crawler: robots.txt 확인: https://steamdb.info/app/ -> 차단
2026-09-10 17:15:21,276 [INFO] steam_crawler: 검색 결과 페이지 3쪽에서 게임 75건 수집 완료
2026-09-10 17:15:21,277 [INFO] steam_crawler: [1/75] 상세정보 수집: 동방홍마향: New Classic　～ the Embodiment of Scarlet Devil (appid=4659620)
2026-09-10 17:15:24,624 [INFO] steam_crawler: [2/75] 상세정보 수집: PUBG: BATTLEGROUNDS (appid=578080)
2026-09-10 17:15:29,942 [INFO] steam_crawler: [3/75] 상세정보 수집: 이터널 리턴 (appid=1049590)
2026-09-10 17:15:37,336 [INFO] steam_crawler: [4/75] 상세정보 수집: 삼국지14 (appid=872410)
2026-09-10 17:15:41,304 [INFO] steam_crawler: [5/75] 상세정보 수집: WARDOGS (appid=1867240)
2026-09-10 17:15:46,535 [INFO] steam_crawler: [6/75] 상세정보 수집: 붉은사막 Enhanced (appid=3321460)
2026-09-10 17:15:52,757 [INFO] steam_crawler: [7/75] 상세정보 수집: 귀무자 Way of the Sword (appid=2638890)
2026-09-10 17:16:05,198 [INFO] steam_crawler: [8/75] 상세정보 수집: 삼국지14 파워업키트 Complete Edition (appid=4508240)
2026-09-10 17:16:09,799 [INFO] steam_crawler: [9/75] 상세정보 수집: Once Human (appid=2139460)
2026-09-10 17:16:14,932 [INFO] steam_crawler: [10/75] 상세정보 수집: 이환 (appid=4508340)
2026-09-10 17:16:18,729 [INFO] steam_crawler: [11/75] 상세정보 수집: 젠레스 존 제로 (appid=4162040)
2026-09-10 17:16:25,060 [INFO] steam_crawler: [12/75] 상세정보 수집: Wuthering Waves (appid=3513350)
2026-09-10 17:16:28,646 [INFO] steam_crawler: [13/75] 상세정보 수집: Apex 레전드™ (appid=1172470)
2026-09-10 17:16:32,428 [INFO] steam_crawler: [14/75] 상세정보 수집: 두근두근타운 (appid=4025700)
2026-09-10 17:16:36,812 [INFO] steam_crawler: [15/75] 상세정보 수집: GrandChase (appid=985810)
2026-09-10 17:16:40,699 [INFO] steam_crawler: [16/75] 상세정보 수집: eBaseball™: PRO SPIRIT (appid=4128400)
2026-09-10 17:16:44,498 [INFO] steam_crawler: [17/75] 상세정보 수집: PRAGMATA (appid=3357650)
2026-09-10 17:16:49,591 [INFO] steam_crawler: [18/75] 상세정보 수집: BOMBANANA! (appid=4656000)
2026-09-10 17:16:55,102 [INFO] steam_crawler: [19/75] 상세정보 수집: Monster Hunter Wilds (appid=2246340)
2026-09-10 17:16:59,919 [INFO] steam_crawler: [20/75] 상세정보 수집: Dead by Daylight (appid=381210)
2026-09-10 17:17:03,847 [INFO] steam_crawler: [21/75] 상세정보 수집: Delta Force (appid=2507950)
2026-09-10 17:17:09,890 [INFO] steam_crawler: [22/75] 상세정보 수집: 연운 (appid=3564740)
2026-09-10 17:17:14,477 [INFO] steam_crawler: [23/75] 상세정보 수집: Valheim (appid=892970)
2026-09-10 17:17:20,867 [INFO] steam_crawler: [24/75] 상세정보 수집: Limbus Company (appid=1973530)
2026-09-10 17:17:28,260 [INFO] steam_crawler: [25/75] 상세정보 수집: Ready or Not (appid=1144200)
2026-09-10 17:17:34,962 [INFO] steam_crawler: [26/75] 상세정보 수집: Counter-Strike 2 (appid=730)
2026-09-10 17:17:39,730 [INFO] steam_crawler: [27/75] 상세정보 수집: 낚시 방법 (appid=4001890)
2026-09-10 17:17:44,353 [INFO] steam_crawler: [28/75] 상세정보 수집: Bodycam (appid=2406770)
2026-09-10 17:17:55,944 [INFO] steam_crawler: [29/75] 상세정보 수집: RimWorld (appid=294100)
2026-09-10 17:18:02,744 [INFO] steam_crawler: [30/75] 상세정보 수집: Grand Theft Auto V 인핸스드 (appid=3240220)
2026-09-10 17:18:11,340 [INFO] steam_crawler: [31/75] 상세정보 수집: Hunt: Showdown 1896 (appid=594650)
2026-09-10 17:18:16,587 [INFO] steam_crawler: [32/75] 상세정보 수집: 붉은사막 Enhanced: 미지의 여정 (appid=5001840)
2026-09-10 17:18:21,939 [INFO] steam_crawler: [33/75] 상세정보 수집: Warframe (appid=230410)
2026-09-10 17:18:27,095 [INFO] steam_crawler: [34/75] 상세정보 수집: The Blood of Dawnwalker 더 블러드 오브 던워커 (appid=3751260)
2026-09-10 17:18:43,583 [INFO] steam_crawler: [35/75] 상세정보 수집: DEAD OR ALIVE Xtreme Venus Vacation (appid=958260)
2026-09-10 17:18:48,758 [INFO] steam_crawler: [36/75] 상세정보 수집: 퍼스트 디센던트 (appid=2074920)
2026-09-10 17:18:54,087 [INFO] steam_crawler: [37/75] 상세정보 수집: eFootball™ (appid=1665460)
2026-09-10 17:18:59,394 [INFO] steam_crawler: [38/75] 상세정보 수집: ELDEN RING (appid=1245620)
2026-09-10 17:19:05,455 [INFO] steam_crawler: [39/75] 상세정보 수집: Yu-Gi-Oh! Master Duel (appid=1449850)
2026-09-10 17:19:10,273 [INFO] steam_crawler: [40/75] 상세정보 수집: Wanderburg 완더버그 (appid=3624140)
2026-09-10 17:19:15,067 [INFO] steam_crawler: [41/75] 상세정보 수집: STALZONE | 스탈존 (appid=1818450)
2026-09-10 17:19:20,836 [INFO] steam_crawler: [42/75] 상세정보 수집: 세피리아 (appid=2436940)
2026-09-10 17:19:24,985 [INFO] steam_crawler: [43/75] 상세정보 수집: Escape from Tarkov (appid=3932890)
2026-09-10 17:19:29,982 [INFO] steam_crawler: [44/75] 상세정보 수집: Palworld / 팰월드 (appid=1623730)
2026-09-10 17:19:34,659 [INFO] steam_crawler: [45/75] 상세정보 수집: Wizardry Variants Daphne (appid=2379740)
2026-09-10 17:19:38,395 [INFO] steam_crawler: [46/75] 상세정보 수집: 동방홍마향：New Classic 사운드트랙 (appid=4924910)
2026-09-10 17:19:42,149 [INFO] steam_crawler: [47/75] 상세정보 수집: BIOHAZARD requiem (appid=3764200)
2026-09-10 17:19:47,052 [INFO] steam_crawler: [48/75] 상세정보 수집: NBA 2K27 (appid=4356430)
2026-09-10 17:19:51,888 [INFO] steam_crawler: [49/75] 상세정보 수집: 던전 세틀러즈 Dungeon Settlers (appid=2798330)
2026-09-10 17:19:55,818 [INFO] steam_crawler: [50/75] 상세정보 수집: 트리 오브 세이비어 (appid=2178420)
2026-09-10 17:19:59,564 [INFO] steam_crawler: [51/75] 상세정보 수집: Warhammer 40,000: Space Marine 2 (appid=2183900)
2026-09-10 17:20:04,791 [INFO] steam_crawler: [52/75] 상세정보 수집: Hunt: Showdown 1896 - Sage of Joseon (appid=4730770)
2026-09-10 17:20:09,062 [INFO] steam_crawler: [53/75] 상세정보 수집: Battlefield™ 6 (appid=2807960)
2026-09-10 17:20:14,400 [INFO] steam_crawler: [54/75] 상세정보 수집: Sid Meier’s Civilization® VI (appid=289070)
2026-09-10 17:20:19,613 [INFO] steam_crawler: [55/75] 상세정보 수집: Gamble With Your Friends (appid=3892270)
2026-09-10 17:20:24,263 [INFO] steam_crawler: [56/75] 상세정보 수집: 가디우스 (appid=4559140)
2026-09-10 17:20:28,177 [INFO] steam_crawler: [57/75] 상세정보 수집: DJMAX RESPECT V (appid=960170)
2026-09-10 17:20:32,339 [INFO] steam_crawler: [58/75] 상세정보 수집: HELLDIVERS™ 2 (appid=553850)
2026-09-10 17:20:37,053 [INFO] steam_crawler: [59/75] 상세정보 수집: 디아블로 II 레저렉션 - 지옥불 에디션 (appid=2536520)
2026-09-10 17:20:41,186 [INFO] steam_crawler: [60/75] 상세정보 수집: Machine Party (appid=4108000)
2026-09-10 17:20:45,001 [INFO] steam_crawler: [61/75] 상세정보 수집: 톰 클랜시의 레인보우식스 시즈 (appid=359550)
2026-09-10 17:20:51,154 [INFO] steam_crawler: [62/75] 상세정보 수집: 에이스 컴뱃 8: 시브의 날개 (ACE COMBAT 8: WINGS OF THEVE) (appid=2288340)
2026-09-10 17:20:56,027 [INFO] steam_crawler: [63/75] 상세정보 수집: Cyberpunk 2077 (appid=1091500)
2026-09-10 17:21:01,982 [INFO] steam_crawler: [64/75] 상세정보 수집: 시드 마이어의 문명 VII (appid=1295660)
2026-09-10 17:21:07,953 [INFO] steam_crawler: [65/75] 상세정보 수집: 스타세이비어 (appid=3609080)
2026-09-10 17:21:12,410 [INFO] steam_crawler: [66/75] 상세정보 수집: BIOHAZARD RE:4 (appid=2050650)
2026-09-10 17:21:16,840 [INFO] steam_crawler: [67/75] 상세정보 수집: 환세록 리메이크 (appid=4030150)
2026-09-10 17:21:21,644 [INFO] steam_crawler: [68/75] 상세정보 수집: Halloween: The Game (appid=3219630)
2026-09-10 17:21:26,170 [INFO] steam_crawler: [69/75] 상세정보 수집: Monster Hunter: World (appid=582010)
2026-09-10 17:21:32,293 [INFO] steam_crawler: [70/75] 상세정보 수집: Dota 2 (appid=570)
2026-09-10 17:21:35,975 [INFO] steam_crawler: [71/75] 상세정보 수집: 꼬미 (Little LUMI Model) (appid=5075020)
2026-09-10 17:21:40,516 [INFO] steam_crawler: [72/75] 상세정보 수집: 마블 스파이더맨 2 (appid=2651280)
2026-09-10 17:21:44,848 [INFO] steam_crawler: [73/75] 상세정보 수집: DRAGON BALL GEKISHIN SQUADRA (appid=2072560)
2026-09-10 17:21:49,814 [INFO] steam_crawler: [74/75] 상세정보 수집: Hero Siege (appid=269210)
2026-09-10 17:21:53,869 [INFO] steam_crawler: [75/75] 상세정보 수집: 블루 아카이브 (appid=3557620)
2026-09-10 17:21:58,744 [INFO] steam_crawler: 검증 결과: 원본 75건 -> 최종 75건 (결측제거 0, 중복제거 0)
2026-09-10 17:21:58,750 [INFO] steam_crawler: JSON 저장 완료: C:\Users\jg758\OneDrive\바탕 화면\3_과제용 폴더\대학 1학년 2학기\고급파이썬프로그래밍\py\1주차\data\steam_games.json (레코드 75건)
2026-09-10 17:38:43,070 [INFO] steam_crawler: Selenium(Chrome) 브라우저로 동적 페이지에 접근합니다.
2026-09-10 17:38:43,551 [INFO] steam_crawler: robots.txt 확인: https://store.steampowered.com/search/ -> 허용
2026-09-10 17:38:43,603 [INFO] steam_crawler: robots.txt 확인: https://steamdb.info/app/ -> 차단
2026-09-10 17:38:49,830 [INFO] steam_crawler: 검색 결과 페이지 3쪽에서 게임 75건 수집 완료
2026-09-10 17:38:49,830 [INFO] steam_crawler: [1/75] 상세정보 수집: 동방홍마향: New Classic　～ the Embodiment of Scarlet Devil (appid=4659620)
2026-09-10 17:39:09,843 [WARNING] steam_crawler: 페이지 로드 타임아웃: https://store.steampowered.com/app/4659620/_New_Classic__the_Embodiment_of_Scarlet_Devil/?snr=1_7_7_7000_150_1
2026-09-10 17:39:14,176 [INFO] steam_crawler: [2/75] 상세정보 수집: 이터널 리턴 (appid=1049590)
2026-09-10 17:39:36,413 [INFO] steam_crawler: [3/75] 상세정보 수집: PUBG: BATTLEGROUNDS (appid=578080)
2026-09-10 17:39:58,824 [WARNING] steam_crawler: 페이지 로드 타임아웃: https://store.steampowered.com/app/578080/PUBG_BATTLEGROUNDS/?snr=1_7_7_7000_150_1
2026-09-10 17:40:01,279 [INFO] steam_crawler: [4/75] 상세정보 수집: 삼국지14 (appid=872410)
2026-09-10 17:40:11,905 [INFO] steam_crawler: [5/75] 상세정보 수집: WARDOGS (appid=1867240)
2026-09-10 17:40:32,921 [WARNING] steam_crawler: 페이지 로드 타임아웃: https://store.steampowered.com/app/1867240/WARDOGS/?snr=1_7_7_7000_150_1
2026-09-10 17:40:34,983 [INFO] steam_crawler: [6/75] 상세정보 수집: 붉은사막 Enhanced (appid=3321460)
2026-09-10 17:40:55,985 [WARNING] steam_crawler: 페이지 로드 타임아웃: https://store.steampowered.com/app/3321460/_Enhanced/?snr=1_7_7_7000_150_1
2026-09-10 17:40:58,251 [INFO] steam_crawler: [7/75] 상세정보 수집: 귀무자 Way of the Sword (appid=2638890)
2026-09-10 17:41:14,531 [INFO] steam_crawler: [8/75] 상세정보 수집: 삼국지14 파워업키트 Complete Edition (appid=4508240)
2026-09-10 17:41:18,709 [INFO] steam_crawler: [9/75] 상세정보 수집: Once Human (appid=2139460)
2026-09-10 17:41:23,834 [INFO] steam_crawler: [10/75] 상세정보 수집: 이환 (appid=4508340)
2026-09-10 17:41:31,364 [INFO] steam_crawler: [11/75] 상세정보 수집: Wuthering Waves (appid=3513350)
2026-09-10 17:41:36,699 [INFO] steam_crawler: [12/75] 상세정보 수집: 젠레스 존 제로 (appid=4162040)
2026-09-10 17:41:48,773 [INFO] steam_crawler: [13/75] 상세정보 수집: Apex 레전드™ (appid=1172470)
2026-09-10 17:41:53,704 [INFO] steam_crawler: [14/75] 상세정보 수집: 두근두근타운 (appid=4025700)
2026-09-10 17:41:57,808 [INFO] steam_crawler: [15/75] 상세정보 수집: GrandChase (appid=985810)
2026-09-10 17:42:03,172 [INFO] steam_crawler: [16/75] 상세정보 수집: eBaseball™: PRO SPIRIT (appid=4128400)
2026-09-10 17:42:11,499 [INFO] steam_crawler: [17/75] 상세정보 수집: PRAGMATA (appid=3357650)
2026-09-10 17:42:23,516 [INFO] steam_crawler: [18/75] 상세정보 수집: BOMBANANA! (appid=4656000)
2026-09-10 17:42:29,633 [INFO] steam_crawler: [19/75] 상세정보 수집: 연운 (appid=3564740)
2026-09-10 17:42:38,312 [INFO] steam_crawler: [20/75] 상세정보 수집: Monster Hunter Wilds (appid=2246340)
2026-09-10 17:42:44,613 [INFO] steam_crawler: [21/75] 상세정보 수집: Dead by Daylight (appid=381210)
2026-09-10 17:42:49,940 [INFO] steam_crawler: [22/75] 상세정보 수집: Delta Force (appid=2507950)
2026-09-10 17:43:01,475 [INFO] steam_crawler: [23/75] 상세정보 수집: Limbus Company (appid=1973530)
2026-09-10 17:43:09,257 [INFO] steam_crawler: [24/75] 상세정보 수집: Counter-Strike 2 (appid=730)
2026-09-10 17:43:13,816 [INFO] steam_crawler: [25/75] 상세정보 수집: Valheim (appid=892970)
2026-09-10 17:43:20,802 [INFO] steam_crawler: [26/75] 상세정보 수집: Ready or Not (appid=1144200)
2026-09-10 17:43:26,435 [INFO] steam_crawler: [27/75] 상세정보 수집: How to Fish (appid=4001890)
2026-09-10 17:43:34,541 [INFO] steam_crawler: [28/75] 상세정보 수집: Bodycam (appid=2406770)
2026-09-10 17:43:55,539 [WARNING] steam_crawler: 페이지 로드 타임아웃: https://store.steampowered.com/app/2406770/Bodycam/?snr=1_7_7_7000_150_2
2026-09-10 17:43:57,796 [INFO] steam_crawler: [29/75] 상세정보 수집: RimWorld (appid=294100)
2026-09-10 17:44:05,097 [INFO] steam_crawler: [30/75] 상세정보 수집: Grand Theft Auto V Enhanced (appid=3240220)
2026-09-10 17:44:08,660 [INFO] steam_crawler: [31/75] 상세정보 수집: Warframe (appid=230410)
2026-09-10 17:44:16,565 [INFO] steam_crawler: [32/75] 상세정보 수집: Hunt: Showdown 1896 (appid=594650)
2026-09-10 17:44:32,328 [INFO] steam_crawler: [33/75] 상세정보 수집: Crimson Desert Enhanced: Charting the Unknown (appid=5001840)
2026-09-10 17:44:41,507 [INFO] steam_crawler: [34/75] 상세정보 수집: The Blood of Dawnwalker (appid=3751260)
2026-09-10 17:44:49,404 [INFO] steam_crawler: [35/75] 상세정보 수집: DEAD OR ALIVE Xtreme Venus Vacation (appid=958260)
2026-09-10 17:44:53,072 [INFO] steam_crawler: [36/75] 상세정보 수집: The First Descendant (appid=2074920)
2026-09-10 17:44:57,055 [INFO] steam_crawler: [37/75] 상세정보 수집: eFootball™ (appid=1665460)
2026-09-10 17:45:00,875 [INFO] steam_crawler: [38/75] 상세정보 수집: ELDEN RING (appid=1245620)
2026-09-10 17:45:06,877 [INFO] steam_crawler: [39/75] 상세정보 수집: Escape from Tarkov (appid=3932890)
2026-09-10 17:45:13,954 [INFO] steam_crawler: [40/75] 상세정보 수집: STALZONE (appid=1818450)
2026-09-10 17:45:25,095 [INFO] steam_crawler: [41/75] 상세정보 수집: Sephiria (appid=2436940)
2026-09-10 17:45:30,012 [INFO] steam_crawler: [42/75] 상세정보 수집: Wanderburg (appid=3624140)
2026-09-10 17:45:36,497 [INFO] steam_crawler: [43/75] 상세정보 수집: Wizardry Variants Daphne (appid=2379740)
2026-09-10 17:45:40,768 [INFO] steam_crawler: [44/75] 상세정보 수집: Touhou Koumakyou: New Classic Soundtrack (appid=4924910)
2026-09-10 17:45:45,118 [INFO] steam_crawler: [45/75] 상세정보 수집: Palworld (appid=1623730)
2026-09-10 17:45:52,428 [INFO] steam_crawler: [46/75] 상세정보 수집: Yu-Gi-Oh! Master Duel (appid=1449850)
2026-09-10 17:45:56,226 [INFO] steam_crawler: [47/75] 상세정보 수집: Resident Evil Requiem (appid=3764200)
2026-09-10 17:46:01,534 [INFO] steam_crawler: [48/75] 상세정보 수집: Hunt: Showdown 1896 - Sage of Joseon (appid=4730770)
2026-09-10 17:46:05,947 [INFO] steam_crawler: [49/75] 상세정보 수집: Dungeon Settlers (appid=2798330)
2026-09-10 17:46:10,468 [INFO] steam_crawler: [50/75] 상세정보 수집: Warhammer 40,000: Space Marine 2 (appid=2183900)
2026-09-10 17:46:17,099 [INFO] steam_crawler: [51/75] 상세정보 수집: 트리 오브 세이비어 (appid=2178420)
2026-09-10 17:46:21,603 [INFO] steam_crawler: [52/75] 상세정보 수집: NBA 2K27 (appid=4356430)
2026-09-10 17:46:29,046 [INFO] steam_crawler: [53/75] 상세정보 수집: Battlefield™ 6 (appid=2807960)
2026-09-10 17:46:37,009 [INFO] steam_crawler: [54/75] 상세정보 수집: Sid Meier’s Civilization® VI (appid=289070)
2026-09-10 17:46:45,322 [INFO] steam_crawler: [55/75] 상세정보 수집: Gamble With Your Friends (appid=3892270)
2026-09-10 17:46:51,115 [INFO] steam_crawler: [56/75] 상세정보 수집: DJMAX RESPECT V (appid=960170)
2026-09-10 17:46:55,765 [INFO] steam_crawler: [57/75] 상세정보 수집: 가디우스 (appid=4559140)
2026-09-10 17:46:59,400 [INFO] steam_crawler: [58/75] 상세정보 수집: HELLDIVERS™ 2 (appid=553850)
2026-09-10 17:47:04,700 [INFO] steam_crawler: [59/75] 상세정보 수집: 디아블로 II 레저렉션 - 지옥불 에디션 (appid=2536520)
2026-09-10 17:47:08,778 [INFO] steam_crawler: [60/75] 상세정보 수집: World of Warships (appid=552990)
2026-09-10 17:47:15,132 [INFO] steam_crawler: [61/75] 상세정보 수집: PLATiNA :: LAB (appid=3430470)
2026-09-10 17:47:20,169 [INFO] steam_crawler: [62/75] 상세정보 수집: 시드 마이어의 문명 VII (appid=1295660)
2026-09-10 17:47:33,656 [INFO] steam_crawler: [63/75] 상세정보 수집: Halloween: The Game (appid=3219630)
2026-09-10 17:47:39,197 [INFO] steam_crawler: [64/75] 상세정보 수집: Machine Party (appid=4108000)
2026-09-10 17:47:43,435 [INFO] steam_crawler: [65/75] 상세정보 수집: 스타세이비어 (appid=3609080)
2026-09-10 17:47:48,376 [INFO] steam_crawler: [66/75] 상세정보 수집: 에이스 컴뱃 8: 시브의 날개 (ACE COMBAT 8: WINGS OF THEVE) (appid=2288340)
2026-09-10 17:47:55,930 [INFO] steam_crawler: [67/75] 상세정보 수집: BIOHAZARD RE:4 (appid=2050650)
2026-09-10 17:48:01,020 [INFO] steam_crawler: [68/75] 상세정보 수집: 톰 클랜시의 레인보우식스 시즈 (appid=359550)
2026-09-10 17:48:07,321 [INFO] steam_crawler: [69/75] 상세정보 수집: Cyberpunk 2077 (appid=1091500)
2026-09-10 17:48:14,354 [INFO] steam_crawler: [70/75] 상세정보 수집: Dota 2 (appid=570)
2026-09-10 17:48:18,269 [INFO] steam_crawler: [71/75] 상세정보 수집: 환세록 리메이크 (appid=4030150)
2026-09-10 17:48:26,054 [INFO] steam_crawler: [72/75] 상세정보 수집: 블루 아카이브 (appid=3557620)
2026-09-10 17:48:32,651 [INFO] steam_crawler: [73/75] 상세정보 수집: DRAGON BALL GEKISHIN SQUADRA (appid=2072560)
2026-09-10 17:48:39,346 [INFO] steam_crawler: [74/75] 상세정보 수집: Monster Hunter: World (appid=582010)
2026-09-10 17:48:46,699 [INFO] steam_crawler: [75/75] 상세정보 수집: 꼬미 (Little LUMI Model) (appid=5075020)
2026-09-10 17:48:50,345 [INFO] steam_crawler: 검증 결과: 원본 75건 -> 최종 75건 (결측제거 0, 중복제거 0)
2026-09-10 17:48:50,352 [INFO] steam_crawler: JSON 저장 완료: C:\Users\jg758\OneDrive\바탕 화면\3_과제용 폴더\대학 1학년 2학기\고급파이썬프로그래밍\py\1주차\data\steam_games.json (레코드 75건)
